# OpenEVV phoneme map: Myanmar (Burmese) (eSpeak NG voice sit/my), said with openevv's German.
# Written by engine/espeak_phonemes.py; OpenEvvFrontend reads it.
#
# Each line is an eSpeak NG phoneme and the German phones that say it.
# `@table:name' is a phoneme by its eSpeak NG name in that phoneme table,
# and a line that starts with IPA is used for any phoneme with that IPA,
# from any table -- a word eSpeak NG reads in another language, say.
# A phoneme with nothing after it is not said. Edit freely: the file is
# read each time a voice starts.

template dede
style standard
vowels i I e E a A u U o O y Y oe OE @ aj aw oj a~ E~ o~ oe~ E: R
glides r l j w
schwa @
secondary 2

# eSpeak NG phoneme table my
@my::            -               # ː
@my:@            @               # ə
@my:@-           @               # ə
@my:*            r               # ɾ
@my:#X1          x               # ʰχ
@my:?            -               # ʔ
@my:-            -               # -
@my:#@           @               # ʰə
@my:#a           A               # ʰa
@my:#e           E               # ʰe
@my:#i           I               # ʰi
@my:#o           O               # ʰo
@my:#u           U               # ʰu
@my:r            r               # ɹ
@my:a            A               # a
@my:e            E               # e
@my:i            I               # i
@my:;            -               # ʲ
@my:o            O               # o
@my:u            U               # u
@my:m-           m               # m̩
@my:n-           n               # n̩
@my:N-           G               # ŋ̩
@my:r-           r               # r̩
@my:l-           l               # l̩
@my:r            r               # r
@my:t            t               # t
@my:p            p               # p
@my:k            k               # k
@my:n            n               # n
@my:R            r               # r
@my:R2           r               # r
@my:R3           r               # r
@my:r"           r               # ʀ
@my:l            l               # l
@my:l            l               # l
@my:j            j               # j
@my:w            w               # w
@my:l            l               # l
@my:l            l               # l
@my:l^           l j             # ʎ
@my:l.           l               # ɭ
@my:L            l               # ɫ
@my:L            l               # ɫ
@my:h            h               # h
@my:m            m               # m
@my:n.           n               # ɳ
@my:n^           n j             # ɲ
@my:N            G               # ŋ
@my:**           r               # ɾ
@my:r.           r               # r.
@my:b            b               # b
@my:d            d               # d
@my:d[           d               # d̪
@my:t[           t               # t̪
@my:dZ           J               # dʒ
@my:tS           C               # tʃ
@my:dZ;          J               # dʑ
@my:tS;          C               # tɕ
@my:J            J               # ɟ
@my:c            C               # c
@my:g            g               # ɡ
@my:B            v               # β
@my:f            f               # f
@my:v            v               # v
@my:v#           v               # ʋ
@my:D            d               # ð
@my:T            s               # θ
@my:z            z               # z
@my:s            s               # s
@my:Z            Z               # ʒ
@my:S            S               # ʃ
@my:z.           Z               # ʐ
@my:s.           S               # ʂ
@my:z;           Z               # ʑ
@my:s;           S               # ʂ
@my:Z;           Z               # ʑ
@my:S;           S               # ɕ
@my:J^           j               # ʝ
@my:C            X               # ç
@my:Q            g               # ɣ
@my:x            x               # x
@my:Q^           g               # ɣ^
@my:Q"           r               # ʁ
@my:q            k               # q
@my:l#           S l             # ɬ
@my:X            x               # χ
@my:kh           k               # kh
@my:ng           n g             # nɡ
@my:hs           h s             # hs
@my:ht           h t             # ht
@my:ph           p               # ph
@my:th           t               # th
@my:ky           k Y             # ky
@my:q0           k               # q
@my:q1           k               # q
@my:q3           k               # q
@my:q4           k               # q
@my:q7           k               # q
@my:q8           k               # q
@my:q9           k               # q
@my:q46          k               # q
@my:a01          A               # a
@my:a02          A               # a
@my:a03          A               # a
@my:a04          A               # a
@my:a05          A               # a
@my:a06          A               # a
@my:a07          A               # a
@my:a08          A               # a
@my:a09          A               # a
@my:a11          A               # a
@my:a10          A               # a
@my:a12          A               # a
@my:a14          A               # a
@my:a13          A               # a
@my:a15          A               # a
@my:a17          A               # a
@my:a18          A               # a
@my:a16          A               # a
@my:a20          A               # a
@my:a19          A               # a
@my:a21          A               # a
@my:a23          A               # a
@my:a22          A               # a
@my:a24          A               # a
@my:a29          A               # a
@my:a28          A               # a
@my:a30          A               # a
@my:a32          A               # a
@my:a31          A               # a
@my:a33          A               # a
@my:a35          A               # a
@my:a34          A               # a
@my:a36          A               # a
@my:a43          A               # a
@my:a42          A               # a
@my:a44          A               # a
@my:a49          A               # a
@my:a48          A               # a
@my:a50          A               # a
@my:a46          A               # a
@my:a45          A               # a
@my:a47          A               # a
@my:a25          A               # a
@my:a26          A               # a
@my:a27          A               # a
@my:a37          A               # a
@my:a38          A               # a
@my:a39          A               # a
@my:a40          A               # a
@my:a41          A               # a

# by IPA, for phonemes from any other table
ə                @
a                A
b                b
v                v
ɡ                g
gʲ               g
gʷ               g
ʁ                r
ʁʲ               r
ʁʷ               r
d                d
dʷ               d
e                E
ʐ                Z
ʒ                Z
ʒʷ               Z
z                z
dz               d z
dʑʷ              J
i                I
k                k
kʲ               k
kʷ               k
kʰ               k
kʲʰ              k
kʷʰ              k
q                k
qʲ               k
qʷ               k
l                l
m                m
n                n
o                O
p_               p
p                p
r                r
s                s
t_               t
tʷ               t
t                t
tʷʰ              t
u                U
f                f
χ                x
χʲ               x
χʷ               x
ħ                h
ħʷ               h
tsʰ              T
tɕʷʰ             C
ts               T
tɕʷ              C
tʃʰ              C
tʃ               C
ʈʂʰ              C
ʈʂ               C
ʂ                S
ʃ                S
ʃʷ               S
ɥ                j
ɖʐ               J
ʤ                J
ː                -
ɾ                r
ʰχ               x
ʔ                -
-                -
ʰə               @
ʰa               A
ʰe               E
ʰi               I
ʰo               O
ʰu               U
ɐ                A
ʲ                -
m̩               m
n̩               n
ŋ̩               G
r̩               r
l̩               l
ʀ                r
j                j
w                w
ʎ                l j
ɭ                l
ɫ                l
h                h
ɳ                n
ɲ                n j
ŋ                G
r.               r
d̪               d
t̪               t
dʒ               J
dʑ               J
tɕ               C
ɟ                J
c                C
β                v
ʋ                v
ð                d
θ                s
ʑ                Z
ɕ                S
ʝ                j
ç                X
ɣ                g
x                x
ɣ^               g
ɬ                S l
ɛ                E
ɔ                O
œ                OE
æ                E
æː               E:
əl               @ l
ɑː               a
iə               j @
ʊə               w @
y                Y
iu               I w
əʊ               @ w
aɪ               aj
ɑɪ               A j
ɛɪ               E j
ɔɪ               oj
ʊɪ               U j
uɪ               w I
øy               OE j
øə               j @
aʊ               aw
eː               e
ɔː               o
ɜː               @
ɑ̃               a~
ẽ               E~
õ               o~
ɨ                @
p`               p
t`               t
tʃ`              C
k`               k
tʰ               t
ʊ                U
ø                OE
eʊ               E w
iʊ               j U
eɪ               E j
oɪ               O j
ɹ                r
ʰr               r
ʕ                h
dˤ               d
s̪               s
a.               A
i.               @
u.               U
ʌ                O
iː               i
ɪ                I
ɛː               E:
aː               a
oː               o
uː               u
ĩ               E~
ɪ̃               E~
ɛ̃               E~
ã               a~
ʌ̃               o~
ɔ̃               o~
ʊ̃               o~
ũ               o~
pʰ               p
bʰ               b
dʰ               d
ʈ                t
ɖ                d
ʈʰ               t
ɖʰ               d
cʰ               C
ɟʰ               J
ɡʰ               g
̃                -
ɯ                @
ɢ                g
ɑ                A
ɒ                O
zʲ               z
sʲ               s
t͡s              T
d͡z              d z
t͡sʲ             T
d͡zʲ             d z
ʈ͡ʂ              C
ɖ͡ʐ              J
tʲ               t
dʲ               d
                -
ɡʲ               g
ɱ                m
dZ               J
ɒ`               O
ɒ̃               o~
ɒ̃`              o~
e`               E
ẽ`              E~
i`               I
ĩ`              E~
o`               O
õ`              o~
u`               U
ũ`              o~
ɐ̃               a~
ʌ̃`              o~
ŋ-               G
s.               S
ph               p
th               t
kh               k
tɕh              C h
tsh              T h
ts.              C
ts.h             C h
ai               aj
ɑu               A w
ər               @ r
ei               E j
i̪               I
iɑ               j A
iɑu              j A w
iɛ               j E
io               j O
iou              j O w
o-               O
ou               O w
onɡ              O n g
uɑ               w A
ua               w A
uai              w A j
uə               w @
uei              w E j
uo               w O
yu               Y w
yæ               j E
yɛ               j E
yə               j @
yi               Y j
p-               p
t-               t
k-               k
g                g
oʊ               O w
r̩ː              r
r̝               r
r̝̊              r
l̩ː              l
ɵ                O
ɨː               @
ɑɨ               A j
aɨ               A j
əɪ               @ j
əɨ               @ j
ɪu               I w
ɨu               @ w
ɔɨ               O j
uɨ               U j
ɐ̯               A
ʔʌ               O
ʔi               I
ɜ                @
ʔe               E
ε                E
?a               A
?ɑ               A
ʔu               U
ʔo               O
ʔy               Y
ʔœ               OE
ɪː               i
ʊɐ               w A
ɔø               oj
yː               y
ʏ                Y
øː               oe
pf               P
iɐ               j A
œ̃               oe~
zʰ               z
ʍ                w
eə               j @
aɪə              A j @
aʊə              A w @
əɹ               @ r
ʌɹ               O r
æʊ               E w
ʉ                U
a:               a
ʉː               u
ʌʉ               O w
ʉɹ               U r
ɚ                @ r
ᵻ                @
ɑːɹ              a r
ɔːɹ              o r
ɛɹ               E r
ɪɹ               I r
ʊɹ               U r
aɪɚ              A j @ r
aɪʊɹ             A j w r
aa               a
ɑə               A @
ɔə               O @
oə               w @
əu               @ w
ʌʊ               O w
ɵː               o
æi               E j
øi               OE j
s^               s
t^               t
d^               d
s̻               s
s̺               s
ts̺              T
ts̻              T
oi               oj
ui               U j
au               aw
eu               E w
æy               E j
ey               E j
iy               I j
ie               j E
yø               j OE
l#               l
2                OE
2ː               oe
4                A
4ː               a
5                l
5ː               l
9                OE
9ː               oe
œː               oe
aɪː              aj
eɪː              e j
aʊː              aw
oʊː              o w
øyː              oe j
yɪ               j I
m#               m
n#               n
ɲ#               n j
ŋ#               G
tl#              t l
r#               r
ə-               @
ʰl               l
ʰcFʀ             C r
a-               A
e-               E
ɛ-               E
y-               Y
i̯               I
ŭ               U
A                A
ɤ                @
ia               j A
ɯɪ               w I
ɔʊ               O w
n̪               n
ɾʲ               r
ʰ                -
hʰ               h
ɨ̃               a~
ɛʊ               E w
aɪ̃              aj
aʊ̃              aw
n^               n
iau              j A w
ue               w E
ss               s s
k̃               k
tʃ̃              C
dʒ̃              J
ɡ̃               g
ɣ̃               g
ʃ̃               S
ä                A
e̞               E
o̞               O
ɯᵝ               @
ĩ                E~
ũ                o~
ɴ                G
ɸ                f
ɽ                r
s-               s
q-               k
tɕ-              C
d-               d
wʰ               w
t[               t
l-               l
N                G
d[               d
tS               C
S                S
X                x
oe               O j
ɑ:               a
e:               e
i:               i
o:               o
u:               u
ɯ:               @
y:               y
oe:              o j
ɑ̃ː              a~
ɛ̃ː              E:
õː               o~
æːɪ              E: j
ɑʊ               A w
æːʊ              E: w
ɜɪ               @ j
ʦ                T
ee               e
eɑ               j A
nʲ               n
t͡ʃ              C
a`               A
z-               z
u"               U
u"ː              u
k^               k
O                O
8                O
U                U
O:               o
8:               o
U:               u
Oi               oj
Ui               U j
ɘ                @
nɡ               n g
hs               h s
ht               h t
ky               k Y
ʌɪ               O j
œy               OE j
yʊ               j U
ʉɪ               w I
K                S l
?                -
Φ                f
iːɐ̯             j a
æːɐ̯             E: A
ɑːɐ̯             a A
ɔːɐ̯             o a
oːɐ̯             w a
uːɐ̯             w a
eːɐ̯             j a
eɐ̯              j A
ɛɐ̯              E A
r̥               r
l̥               l
d͡ʒ              J
lʰ               l
ɐ̃ʊ̃             a~ w
õɪ̃             o~ j
ũɪ̃             w E~
sʰ               s
ʀʰ               r
rʰ               r
q`               k
ʒʲ               Z
ʃʲ               S
lʲ               l
mʲ               m
iɪ               j I
ea               j A
eo               E w
e̪u              E w
ɔa               O A
pʲ               p
tsʲ              T
fʲ               f
bʲ               b
vʲ               v
dʒʲ              J
tʃʲ              C
ɪ^               I
ja               j A
ɛ%               E
ju               j U
gˈ               g
kˈ               k
e̯a              j A
o̯a              w A
ou̯              O w
ij               I j
p_h              p h
t_h              t h
k_h              k h
ɛu               E w
aːu              aw
ɯi               @ j
əi               @ j
aːi              aj
ɔi               oj
aɯ               A w
ᵐ                -
ⁿ                -
ᵑ                -
aɛ               A E
e+               E
o+               O
ll               l l
xʰ               x
ɧ                S
ɻ                r
ʊː               u
ɔ+               O
əː               @
aːɪ              aj
əːɪ              @ j
aːʊ              aw
əːʊ              @ w
oæ               w E
ɔ-               O
u-               U
cr               C r
ɗ                d
aai              aj
aau              aw
anɡ              A n g
aanɡ             a n g
enɡ              E n g
inɡ              I n g
oenɡ             O j n g
unɡ              U n g
eoi              E w j
ʙ                v
ⱱ                b
ɺ                r
ɦ                h
ɮ                z
ɰ                w
ʟ                w
ʘ                p
ǀ                t
ǃ                t
ǂ                k
ǁ                t
ɓ                b
ʄ                g
ɠ                g
ʛ                g
ɞ                O
ɶ                OE
ɝ                @ r
