# OpenEVV sound map: K'iche' (eSpeak NG voice myn/quc), spoken by openevv's Latin American Spanish module
# with the sounds, the melody and the tones of the language itself.
# Written by engine/accent/mapwriter.py; OpenEvvFrontend reads it, and docs/LANGUAGES.md
# says what each line means. Edit freely: the file is read each time a voice starts.

template esux
style standard
vowels i e a o u
glides r R l L y w
schwa e
secondary 0

# the melody: late; a question that wants yes or no: rise
accent f0=own range=108 shape=2 accent=34 accent2=14 unstressed=-6 decl=8 declmax=30 fs=-18 fw=-12 fc=14 fe=-12 fq=46 qreg=8 span=2 stressed=106 weak=94 stop=0

# what the module says in place of a phone it is given
says C t S
says J d Z
says T s
says Y y

# the sounds of the language that the module has not, each as it differs from the phone
# that stands for it: formants and lengths in per cent, times in milliseconds
sound s1 f1=76 dur=51                    # ə
sound s2 f1=55 f2=76 f3=109              # ʰχ
sound s3 ms=50 hush=1                    # ʔ
sound s4 dur=51                          # ʰa
sound s5 dur=54                          # ʰe
sound s6 dur=57                          # ʰi
sound s7 dur=49                          # ʰo
sound s8 dur=52                          # ʰu
sound s9 f3=66                           # ɹ
sound s10 f2=112 f3=84                   # ɭ
sound s11 f2=72 f3=108                   # ɫ
sound s12 ms=70 whisper=44               # h
sound s13 f3=82                          # ɳ
sound s14 f3=85                          # r.
sound s15 voi=1 lead=75                  # b
sound s16 voi=1 lead=75 hold=85 f2=128   # dʑ
sound s17 a3=36 a5=25 f2=128 hold=70     # dʑ
sound s18 hold=85 f2=128 f3=108          # tɕ
sound s19 a2=33 a3=34 a4=54 a5=25 f2=128 f3=108 hold=70 # tɕ
sound s20 f2=148 f3=109 a3=56 a4=56 voi=1 lead=75 # ɟ
sound s21 f2=148 f3=109 a3=56 a4=56 vot=32 # c
sound s22 af=-14                         # ʋ
sound s23 voi=0                          # θ
sound s24 a4=42 f2=93 f3=72 f4=88        # ʐ
sound s25 a4=54 f2=93 f3=77 f4=88        # ʂ
sound s26 a3=36 a5=25 f2=128             # ʑ
sound s27 a2=33 a3=34 a4=54 a5=25 f2=128 f3=108 # ɕ
sound s28 f2=130 a4=0                    # ʝ
sound s29 f2=130 f3=113 a4=0             # ç
sound s30 f1=55 f2=76 f3=89              # ʁ
sound s31 f2=68 f3=109 f1=118 burst=3 vot=30 # q
sound s32 fric=52 a3=54 a4=58 a5=44 whisper=30 hold=190 # ɬ
sound s33 vot=70 asp=50                  # tʰ
sound s34 voi=1 lead=75 brth=90 f0=-15   # dʰ
sound s35 f1=142 f3=93 dur=57            # ɪ
sound s36 whisper=46                     # ʍ
sound s37 f1=87 f2=111 f3=94 dur=49      # ʊ
sound s38 f1=110 f2=78 dur=142           # ɑː
sound s39 f1=116 dur=54                  # ɛ
sound s40 f1=141 dur=49                  # ɒ
sound s41 f1=116 dur=49                  # ɔ
sound s42 f1=94 f2=85 dur=51             # ʌ
sound s43 f1=110 f2=78 dur=51            # ɑ
sound s44 f1=85 dur=142                  # ɜː
sound s45 dur=157                        # iː
sound s46 f1=116 dur=155                 # ɔː
sound s47 dur=164                        # uː
sound s48 g1=71 g2=75 g3=97 glide=1 dur=142 # aʊ
sound s49 f1=76 g1=65 g2=76 g3=97 glide=1 dur=142 # əʊ
sound s50 g1=87 g2=107 g3=94 glide=1 dur=155 # oʊ
sound s51 g1=69 g2=132 g3=105 glide=1 dur=142 # aɪ
sound s52 g1=83 g2=109 g3=99 glide=1 dur=150 # eɪ
sound s53 f1=116 g1=88 g2=199 g3=103 glide=1 dur=155 # ɔɪ
sound s54 hold=55                        # eə
sound s55 dur=155                        # oː
sound s56 f1=110 f2=78 dur=51 nas=100    # ɑ̃
sound s57 f1=116 dur=49 nas=100          # ɔ̃
sound s58 dur=150                        # eː
sound s59 f1=106 f2=121                  # æ
sound s60 f1=73 f3=69                    # ɚ
sound s61 f1=114 f2=83 f3=87             # ᵻ
sound s62 f1=116                         # ɛɹ
sound s63 f1=142 f3=93                   # ɪɹ
sound s64 f1=87 f2=111 f3=94             # ʊɹ
sound s65 f3=77 f4=88 a4=52 a5=42 vot=51 asp=50 # ʈ
sound s66 f3=77 f4=88 a4=52 a5=42        # ɖ
sound s67 f2=68 f3=109 f1=118 burst=3    # ɢ
sound s68 f2=67 f3=109                   # ɴ
sound s69 f3=108                         # ɺ
sound s70 ms=85 whisper=48 f1=125 f2=88  # ħ
sound s71 ms=80 whisper=30 voi=1 f1=125 f2=86 # ʕ
sound s72 ms=70 whisper=38 voi=1         # ɦ
sound s73 f1=55 f2=80                    # ɧ
sound s74 fric=52 a3=54 a4=58 a5=44      # ɮ
sound s75 f1=128 f3=60                   # ɻ
sound s76 f1=75 f2=134                   # ɰ
sound s77 f1=72 f3=84                    # ɥ
sound s78 f2=88                          # ʟ
sound s79 vot=55 asp=50 burst=8 ej=25    # ʘ
sound s80 vot=59 asp=50 burst=8 ej=25    # ǀ
sound s81 f2=148 f3=109 a3=56 a4=56 vot=63 asp=50 burst=8 ej=25 # ǂ
sound s82 impl=1 voi=1 burst=-8          # ɓ
sound s83 f2=148 f3=109 a3=56 a4=56 impl=1 voi=1 burst=-8 # ʄ
sound s84 f2=68 f3=109 f1=118 burst=-8 impl=1 voi=1 # ʛ
sound s85 f3=80                          # y
sound s86 f1=114 f2=75 f3=80             # ʉ
sound s87 f1=121 f2=70 f3=87             # ɯ
sound s88 f1=79 f2=91 f3=85              # ʏ
sound s89 f1=83 f2=86 f3=83              # ø
sound s90 f1=89 f2=91                    # ɘ
sound s91 f1=65 f3=94                    # ɵ
sound s92 f1=69 f2=89                    # ɤ
sound s93 f1=80 f2=107                   # œ
sound s94 f1=85                          # ɜ
sound s95 f1=85 f2=93                    # ɞ
sound s96 f1=113                         # ɶ
sound s97 f1=76 f3=69                    # ɝ

# eSpeak NG phoneme table quc
@quc::           -                       # ː  (not met)
@quc:@           a=s1                    # ə  (not met)
@quc:@-          a=s1                    # ə  (not met)
@quc:*           r                       # ɾ  (not met)
@quc:#X1         j=s2                    # ʰχ  (not met)
@quc:?           <q=s3                   # ʔ  (not met)
@quc:-           -                       # -  (not met)
@quc:#@          a=s1                    # ʰə  (not met)
@quc:#a          a=s4                    # ʰa  (not met)
@quc:#e          e=s5                    # ʰe  (not met)
@quc:#i          i=s6                    # ʰi  (not met)
@quc:#o          o=s7                    # ʰo  (not met)
@quc:#u          u=s8                    # ʰu  (not met)
@quc:r           l=s9                    # ɹ  (not met)
@quc:a           a=s4                    # a
@quc:e           e=s5                    # e
@quc:i           i=s6                    # i
@quc:;           -                       # ʲ
@quc:o           o=s7                    # o
@quc:u           u=s8                    # u
@quc:m-          m                       # m̩  (not met)
@quc:n-          n                       # n̩  (not met)
@quc:N-          ng                      # ŋ̩  (not met)
@quc:r-          R                       # r̩  (not met)
@quc:l-          l                       # l̩  (not met)
@quc:t           t                       # t
@quc:p           p                       # p
@quc:k           k                       # k
@quc:n           n                       # n
@quc:R           R                       # r
@quc:R2          R                       # r  (not met)
@quc:R3          R                       # r  (not met)
@quc:r"          R                       # ʀ  (not met)
@quc:l           l                       # l
@quc:j           y                       # j  (not met)
@quc:w           w                       # w  (not met)
@quc:l^          L                       # ʎ  (not met)
@quc:l.          l=s10                   # ɭ  (not met)
@quc:L           l=s11                   # ɫ  (not met)
@quc:h           <h=s12                  # h
@quc:m           m                       # m
@quc:n.          n=s13                   # ɳ  (not met)
@quc:n^          N                       # ɲ  (not met)
@quc:N           ng                      # ŋ  (not met)
@quc:**          r                       # ɾ  (not met)
@quc:r.          r=s14                   # r.  (not met)
@quc:b           b=s15                   # b
@quc:d           d=s15                   # d  (not met)
@quc:d[          d=s15                   # d̪  (not met)
@quc:t[          t                       # t̪  (not met)
@quc:dZ          J                       # dʒ  (not met)
@quc:tS          C                       # tʃ  (not met)
@quc:dZ;         d=s16 Z=s17             # dʑ  (not met)
@quc:tS;         t=s18 S=s19             # tɕ  (not met)
@quc:J           d=s20                   # ɟ  (not met)
@quc:c           t=s21                   # c  (not met)
@quc:g           g=s15                   # ɡ  (not met)
@quc:B           B                       # β  (not met)
@quc:f           f                       # f  (not met)
@quc:v           v                       # v
@quc:v#          v=s22                   # ʋ  (not met)
@quc:D           D                       # ð  (not met)
@quc:T           D=s23                   # θ  (not met)
@quc:z           z                       # z  (not met)
@quc:s           s                       # s
@quc:Z           Z                       # ʒ  (not met)
@quc:S           S                       # ʃ
@quc:z.          Z=s24                   # ʐ  (not met)
@quc:s.          S=s25                   # ʂ  (not met)
@quc:z;          Z=s26                   # ʑ  (not met)
@quc:s;          S=s25                   # ʂ  (not met)
@quc:Z;          Z=s26                   # ʑ  (not met)
@quc:S;          S=s27                   # ɕ  (not met)
@quc:J^          Z=s28                   # ʝ  (not met)
@quc:C           S=s29                   # ç  (not met)
@quc:Q           G                       # ɣ  (not met)
@quc:x           j                       # x  (not met)
@quc:Q^          G                       # ɣ^  (not met)
@quc:Q"          G=s30                   # ʁ  (not met)
@quc:q           k=s31                   # q
@quc:l#          l=s32                   # ɬ  (not met)
@quc:X           j=s2                    # χ  (not met)

# eSpeak NG phoneme table en
@en::            -                       # ː  (not met)
@en:@            a=s1                    # ə  (not met)
@en:@-           a=s1                    # ə  (not met)
@en:*            r                       # ɾ  (not met)
@en:#X1          j=s2                    # ʰχ  (not met)
@en:?            <q=s3                   # ʔ  (not met)
@en:-            -                       # -  (not met)
@en:t#           t=s33                   # tʰ  (not met)
@en:#@           a=s1                    # ʰə  (not met)
@en:#a           a=s4                    # ʰa  (not met)
@en:#e           e=s5                    # ʰe  (not met)
@en:#i           i=s6                    # ʰi  (not met)
@en:#o           o=s7                    # ʰo  (not met)
@en:#u           u=s8                    # ʰu  (not met)
@en:r            l=s9                    # ɹ  (not met)
@en:a            a=s4                    # a  (not met)
@en:e            e=s5                    # e  (not met)
@en:i            i=s6                    # i  (not met)
@en:;            -                       # ʲ  (not met)
@en:o            o=s7                    # o  (not met)
@en:u            u=s8                    # u  (not met)
@en:m-           m                       # m̩  (not met)
@en:n-           n                       # n̩  (not met)
@en:N-           ng                      # ŋ̩  (not met)
@en:r-           l=s9                    # ɹ  (not met)
@en:l-           l                       # l̩  (not met)
@en:t            t                       # t  (not met)
@en:p            p                       # p  (not met)
@en:k            k                       # k  (not met)
@en:n            n                       # n  (not met)
@en:R            R                       # r  (not met)
@en:R2           R                       # r  (not met)
@en:R3           R                       # r  (not met)
@en:r"           R                       # ʀ  (not met)
@en:l            l                       # l  (not met)
@en:j            y                       # j  (not met)
@en:w            w                       # w  (not met)
@en:l^           L                       # ʎ  (not met)
@en:l.           l=s10                   # ɭ  (not met)
@en:L            l=s11                   # ɫ  (not met)
@en:h            <h=s12                  # h  (not met)
@en:m            m                       # m  (not met)
@en:n.           n=s13                   # ɳ  (not met)
@en:n^           N                       # ɲ  (not met)
@en:N            ng                      # ŋ  (not met)
@en:**           r                       # ɾ  (not met)
@en:r.           r=s14                   # r.  (not met)
@en:b            b=s15                   # b  (not met)
@en:d            d=s15                   # d
@en:d[           d=s15                   # d̪  (not met)
@en:t[           t                       # t̪  (not met)
@en:dZ           J                       # dʒ  (not met)
@en:tS           C                       # tʃ
@en:dZ;          d=s16 Z=s17             # dʑ  (not met)
@en:tS;          t=s18 S=s19             # tɕ  (not met)
@en:J            d=s20                   # ɟ  (not met)
@en:c            t=s21                   # c  (not met)
@en:g            g=s15                   # ɡ  (not met)
@en:B            B                       # β  (not met)
@en:f            f                       # f  (not met)
@en:v            v                       # v  (not met)
@en:v#           v=s22                   # ʋ  (not met)
@en:D            D                       # ð  (not met)
@en:T            D=s23                   # θ  (not met)
@en:z            z                       # z
@en:s            s                       # s
@en:Z            Z                       # ʒ  (not met)
@en:S            S                       # ʃ  (not met)
@en:z.           Z=s24                   # ʐ  (not met)
@en:s.           S=s25                   # ʂ  (not met)
@en:z;           Z=s26                   # ʑ  (not met)
@en:s;           S=s25                   # ʂ  (not met)
@en:Z;           Z=s26                   # ʑ  (not met)
@en:S;           S=s27                   # ɕ  (not met)
@en:J^           Z=s28                   # ʝ  (not met)
@en:C            S=s29                   # ç  (not met)
@en:Q            G                       # ɣ  (not met)
@en:x            j                       # x  (not met)
@en:Q^           G                       # ɣ^  (not met)
@en:Q"           G=s30                   # ʁ  (not met)
@en:q            k=s31                   # q  (not met)
@en:l#           l=s32                   # ɬ  (not met)
@en:X            j=s2                    # χ  (not met)
@en:t2           t                       # t  (not met)
@en:d#           d=s34                   # dʰ  (not met)
@en:z#           z                       # zʰ  (not met)
@en:3            a=s1                    # ə  (not met)
@en:I2           i=s35                   # ɪ  (not met)
@en:w#           w=s36                   # ʍ  (not met)
@en:@2           a=s1                    # ə  (not met)
@en:@5           a=s1                    # ə  (not met)
@en:U            o=s37                   # ʊ  (not met)
@en:@L           a=s1 l                  # əl  (not met)
@en:a#           a=s4                    # ɐ  (not met)
@en:a2           a=s4                    # a  (not met)
@en:aa           a=s4                    # a  (not met)
@en:A:           a=s38                   # ɑː  (not met)
@en:E            e=s39                   # ɛ
@en:E#           e=s39                   # ɛ  (not met)
@en:E2           e=s39                   # ɛ  (not met)
@en:I            i=s35                   # ɪ  (not met)
@en:I#           i=s35                   # ɪ  (not met)
@en:I2#          i=s35                   # ɪ  (not met)
@en:0            o=s40                   # ɒ  (not met)
@en:0#           o=s40                   # ɒ  (not met)
@en:02           o=s40                   # ɒ  (not met)
@en:O2           o=s41                   # ɔ  (not met)
@en:V            a=s42                   # ʌ  (not met)
@en:A@           a=s38                   # ɑː  (not met)
@en:A#           a=s43                   # ɑ  (not met)
@en:3:           a=s44                   # ɜː  (not met)
@en:i:           i=s45                   # iː
@en:O:           o=s46                   # ɔː  (not met)
@en:O            o=s41                   # ɔ  (not met)
@en:O@           o=s46                   # ɔː  (not met)
@en:o@           o=s46                   # ɔː  (not met)
@en:u:           u=s47                   # uː  (not met)
@en:aU           a=s48                   # aʊ  (not met)
@en:oU           a=s49                   # əʊ  (not met)
@en:oU#          o=s50                   # oʊ  (not met)
@en:aI           a=s51                   # aɪ  (not met)
@en:eI           e=s52                   # eɪ
@en:OI           o=s53                   # ɔɪ  (not met)
@en:e@           y=s54 a=s1              # eə  (not met)
@en:i@           y=s54 a=s1              # iə  (not met)
@en:i@3          y=s54 a=s1              # iə  (not met)
@en:U@           w=s54 a=s1              # ʊə  (not met)
@en:aI@          a=s4 y=s54 y=s54        # aɪə  (not met)
@en:aI3          a=s51                   # aɪ  (not met)
@en:aU@          a=s4 w=s54 y=s54        # aʊə  (not met)
@en:IR           a=s1 l=s9               # əɹ  (not met)
@en:VR           a=s42 l=s9              # ʌɹ  (not met)
@en:o:           o=s55                   # oː  (not met)
@en:A~           a=s56                   # ɑ̃  (not met)
@en:O~           o=s57                   # ɔ̃  (not met)
@en:e:           e=s58                   # eː  (not met)
@en:e#           e=s5                    # e  (not met)
@en:a#2          a=s4                    # a  (not met)
@en:@#           a=s1                    # ə  (not met)

# by IPA: this language's sounds in words eSpeak NG reads in another
ː                -
ə                a=s1
ɾ                r
ʰχ               j=s2
ʔ                <q=s3
-                -
ʰə               a=s1
ʰa               a=s4
ʰe               e=s5
ʰi               i=s6
ʰo               o=s7
ʰu               u=s8
ɹ                l=s9
a                a=s4
e                e=s5
i                i=s6
ʲ                -
o                o=s7
u                u=s8
m̩               m
n̩               n
ŋ̩               ng
r̩               R
l̩               l
r                R
t                t
p                p
k                k
n                n
ʀ                R
l                l
j                y
w                w
ʎ                L
ɭ                l=s10
ɫ                l=s11
h                <h=s12
m                m
ɳ                n=s13
ɲ                N
ŋ                ng
r.               r=s14
b                b=s15
d                d=s15
d̪               d=s15
t̪               t
dʒ               J
tʃ               C
dʑ               d=s16 Z=s17
tɕ               t=s18 S=s19
ɟ                d=s20
c                t=s21
ɡ                g=s15
β                B
f                f
v                v
ʋ                v=s22
ð                D
θ                D=s23
z                z
s                s
ʒ                Z
ʃ                S
ʐ                Z=s24
ʂ                S=s25
ʑ                Z=s26
ɕ                S=s27
ʝ                Z=s28
ç                S=s29
ɣ                G
x                j
ɣ^               G
ʁ                G=s30
q                k=s31
ɬ                l=s32
χ                j=s2
tʰ               t=s33
dʰ               d=s34
zʰ               z
ɪ                i=s35
ʍ                w=s36
ʊ                o=s37
əl               a=s1 l
ɐ                a=s4
ɑː               a=s38
ɛ                e=s39
ɒ                o=s40
ɔ                o=s41
ʌ                a=s42
ɑ                a=s43
ɜː               a=s44
iː               i=s45
ɔː               o=s46
uː               u=s47
aʊ               a=s48
əʊ               a=s49
oʊ               o=s50
aɪ               a=s51
eɪ               e=s52
ɔɪ               o=s53
eə               y=s54 a=s1
iə               y=s54 a=s1
ʊə               w=s54 a=s1
aɪə              a=s4 y=s54 y=s54
aʊə              a=s4 w=s54 y=s54
əɹ               a=s1 l=s9
ʌɹ               a=s42 l=s9
oː               o=s55
ɑ̃               a=s56
ɔ̃               o=s57
eː               e=s58

# by IPA: English, for the English words a text has in it
æ                a=s59
ɚ                a=s60
ᵻ                i=s61
ɑːɹ              a=s38 l=s9
ɔːɹ              o=s46 l=s9
ɛɹ               e=s62 l=s9
ɪɹ               i=s63 l=s9
ʊɹ               o=s64 l=s9
aɪɚ              a y=s54 y=s54
aɪʊɹ             a i=s63 o=s64 l=s9

# by IPA: every letter of it, so that anything can be taken apart
ʈ                t=s65
ɖ                d=s66
g                g
ɢ                g=s67
ɱ                m
ɴ                ng=s68
ʙ                R
ⱱ                r
ɽ                r=s14
ɺ                r=s69
ɸ                f
ħ                <h=s70
ʕ                <h=s71
ɦ                <h=s72
ɧ                j=s73
ɮ                l=s74
ɻ                l=s75
ɰ                w=s76
ɥ                y=s77
ʟ                l=s78
ʘ                p=s79
ǀ                t=s80
ǃ                t=s80
ǂ                t=s81
ǁ                t=s80
ɓ                b=s82
ɗ                d=s82
ʄ                d=s83
ɠ                g=s82
ʛ                g=s84
y                i=s85
ɨ                i=s61
ʉ                i=s86
ɯ                i=s87
ʏ                e=s88
ø                e=s89
ɘ                e=s90
ɵ                a=s91
ɤ                a=s92
œ                a=s93
ɜ                a=s94
ɞ                a=s95
ɶ                a=s96
ɝ                a=s97
ä                a
