# OpenEVV sound map: Chinese (Cantonese, latin as Jyutping) (eSpeak NG voice sit/yue-Latn-jyutping), spoken by openevv's German module
# with the sounds, the melody and the tones of the language itself.
# Written by engine/accent/mapwriter.py; OpenEvvFrontend reads it, and docs/LANGUAGES.md
# says what each line means. Edit freely: the file is read each time a voice starts.

template dedx
style standard
vowels i I e E a A u U o O y Y oe OE @ aj aw oj a~ E~ o~ oe~ E: R
glides j w
schwa @
secondary 2
words apart
onset 1
cluster k w
cluster g w

# the melody: tone; a question that wants yes or no: rise
accent f0=own range=100 level=30 decl=6 declmax=25 lag=70 lead=15 fs=-6 fq=6 qreg=18 fc=4 fe=0 fw=-4 span=1 stressed=88 weak=112 stop=1

# the tones, under eSpeak NG's names for them
tone 1 p=0:50,100:50
tone 7 p=0:50,100:32
tone 2 p=0:22,35:22,100:50 dur=108
tone 3 p=0:30,100:30
tone 4 p=0:22,100:10 creak=25 cfrom=60 cto=100
tone 5 p=0:20,35:20,100:32 dur=108
tone 6 p=0:22,100:21

# what the module says in place of a phone it is given
says C t S
says J d Z
says P p f
says T t s

# the sounds of the language that the module has not, each as it differs from the phone
# that stands for it: formants and lengths in per cent, times in milliseconds
sound s1 dur=140                         # ə
sound s2 tap=1 tapms=24 hold=60 f1=122 f2=111 f3=77 # ɾ
sound s3 f2=88                           # ʰχ
sound s4 ms=50 hush=1                    # ʔ
sound s5 dur=43                          # ʰa
sound s6 dur=70                          # ʰe
sound s7 dur=75                          # ʰi
sound s8 dur=76                          # ʰu
sound s9 f2=92 f3=77                     # ɹ
sound s10 tap=3 tapms=18 f2=109 f3=77    # r̩
sound s11 vot=14                         # t
sound s12 vot=9                          # p
sound s13 vot=34                         # k
sound s14 tap=3 tapms=18 f2=85 f3=112    # ʀ
sound s15 f2=159                         # ʎ
sound s16 f2=111 f3=71                   # ɭ
sound s17 f2=71 f3=91                    # ɫ
sound s18 ms=70 whisper=44               # h
sound s19 f3=80                          # ɳ
sound s20 f2=136 f3=109                  # ɲ
sound s21 tap=1 tapms=24 hold=60 f2=111 f3=66 # r.
sound s22 voi=1 lead=75                  # b
sound s23 f2=91 burst=-4 voi=1 lead=75   # d̪
sound s24 f2=91 burst=-4 vot=14          # t̪
sound s25 voi=1 lead=75 hold=85 f2=126 f3=121 # dʑ
sound s26 a3=34 a4=55 a5=22 f2=126 f3=121 hold=70 # dʑ
sound s27 hold=85 f2=119 f3=116          # tɕ
sound s28 a2=31 a3=34 a4=34 a5=22 f2=119 f3=116 hold=70 # tɕ
sound s29 f2=135 f3=112 a3=56 a4=56 voi=1 lead=75 # ɟ
sound s30 f2=135 f3=112 a3=56 a4=56 vot=32 # c
sound s31 af=-8                          # β
sound s32 af=-14                         # ʋ
sound s33 f2=149 f3=110 a6=28 ab=48      # ð
sound s34 f2=146 f3=110 a6=28 ab=48      # θ
sound s35 a4=51 f2=92 f3=87 f4=88        # ʐ
sound s36 a4=54 f2=87 f3=83 f4=88        # ʂ
sound s37 a3=34 a4=55 a5=22 f2=126 f3=121 # ʑ
sound s38 a2=31 a3=34 a4=34 a5=22 f2=119 f3=116 # ɕ
sound s39 voi=1 af=-5                    # ʝ
sound s40 f1=73 f3=116                   # ɣ
sound s41 f2=68 f3=109 f1=118 burst=3 vot=30 # q
sound s42 fric=52 a3=54 a4=58 a5=44 whisper=30 hold=190 # ɬ
sound s43 g1=43 g2=166 g3=113 glide=1    # aai
sound s44 g1=46 g2=69 g3=93 glide=1      # aau
sound s45 g1=43 g2=166 g3=113 glide=1 dur=72 # ai
sound s46 g1=46 g2=69 g3=93 glide=1 dur=72 # au
sound s47 g1=79 g2=101 g3=105 glide=1    # ei
sound s48 g1=85 g2=45 g3=87 glide=1      # eu
sound s49 g1=113 g2=46 g3=82 glide=1 dur=117 # iu
sound s50 g1=75 g2=250 g3=117 glide=1    # oi
sound s51 g1=82 g2=106 g3=96 glide=1     # ou
sound s52 g1=111 g2=250 g3=116 glide=1 dur=117 # ui
sound s53 g1=101 g2=247 g3=108 glide=1   # oe
sound s54 g1=110 g2=45 g3=90 glide=1     # eo
sound s55 hold=55                        # eoi
sound s56 g1=100 g2=51 g3=99 glide=1 dur=117 # yu
sound s57 vot=70 asp=50                  # tʰ
sound s58 voi=1 lead=75 brth=90 f0=-15   # dʰ
sound s59 dur=137                        # ɪ
sound s60 whisper=46                     # ʍ
sound s61 dur=185                        # ʊ
sound s62 dur=157                        # əl
sound s63 f1=123 f3=114 dur=126          # ɐ
sound s64 f1=89 f2=86 dur=72             # ɑː
sound s65 dur=126                        # ɛ
sound s66 f1=116 dur=150                 # ɒ
sound s67 dur=150                        # ɔ
sound s68 f1=112 f2=87 f3=114 dur=126    # ʌ
sound s69 f1=89 f2=86 dur=50             # ɑ
sound s70 f3=114 dur=171                 # ɜː
sound s71 dur=117                        # iː
sound s72 dur=220                        # ɔː
sound s73 g1=58 g2=82 g3=93 glide=1 dur=72 # aʊ
sound s74 g1=94 g2=65 g3=93 glide=1 dur=208 # əʊ
sound s75 g1=105 g2=129 g3=96 glide=1    # oʊ
sound s76 g1=56 g2=146 g3=101 glide=1 dur=72 # aɪ
sound s77 g1=106 g2=89 g3=95 glide=1     # eɪ
sound s78 g1=73 g2=194 g3=101 glide=1 dur=220 # ɔɪ
sound s79 dur=50                         # aɪə
sound s80 f1=89 f2=86 dur=50 nas=100     # ɑ̃
sound s81 dur=150 nas=100                # ɔ̃
sound s82 f1=124 f2=92 f3=92 dur=126     # æ
sound s83 f1=87 f3=78 dur=126            # ɚ
sound s84 f1=78 f2=106 f3=114 dur=137    # ᵻ
sound s85 f2=91 f3=79 f4=88 a4=52 a5=42  # ʈ
sound s86 f2=68 f3=109 f1=118 burst=3    # ɢ
sound s87 f2=125 f3=90                   # ɱ
sound s88 f2=56 f3=90                    # ɴ
sound s89 tap=1 tapms=24 hold=60 f2=115 f3=84 # ɺ
sound s90 ms=85 whisper=48 f1=125 f2=88  # ħ
sound s91 ms=80 whisper=30 voi=1 f1=125 f2=86 # ʕ
sound s92 ms=70 whisper=38 voi=1         # ɦ
sound s93 f2=92 f3=88                    # ɧ
sound s94 fric=52 a3=54 a4=58 a5=44      # ɮ
sound s95 f3=70                          # ɻ
sound s96 f1=63 f2=126                   # ɰ
sound s97 f1=56 f2=111 f3=84             # ɥ
sound s98 f2=87 f3=81                    # ʟ
sound s99 burst=8 ej=25                  # ʘ
sound s100 f2=135 f3=112 a3=56 a4=56 burst=8 ej=25 # ǂ
sound s101 impl=1 voi=1 burst=-8         # ɓ
sound s102 f2=135 f3=112 a3=56 a4=56 impl=1 voi=1 burst=-8 # ʄ
sound s103 f2=68 f3=109 f1=118 burst=-8 impl=1 voi=1 # ʛ
sound s104 dur=85                        # y
sound s105 f1=78 dur=137                 # ʉ
sound s106 f1=83 f2=89 f3=114 dur=137    # ɯ
sound s107 dur=80                        # ø
sound s108 f1=93 dur=157                 # ɘ
sound s109 f2=89 f3=107 dur=137          # ɵ
sound s110 f1=83 f2=90 f3=112 dur=126    # ɤ
sound s111 f3=114 dur=126                # ɜ
sound s112 f2=94 f3=107 dur=126          # ɞ
sound s113 f1=91 f2=114 f3=94 dur=50     # ɶ
sound s114 f1=90 f3=78 dur=126           # ɝ

# eSpeak NG phoneme table yue
@yue::           -                       # ː  (not met)
@yue:@           @=s1                    # ə  (not met)
@yue:@-          @=s1                    # ə  (not met)
@yue:*           l=s2                    # ɾ  (not met)
@yue:#X1         x=s3                    # ʰχ  (not met)
@yue:?           <q=s4                   # ʔ  (not met)
@yue:-           -                       # -  (not met)
@yue:#@          @=s1                    # ʰə  (not met)
@yue:#a          a=s5                    # ʰa  (not met)
@yue:#e          e=s6                    # ʰe  (not met)
@yue:#i          i=s7                    # ʰi  (not met)
@yue:#o          o=s6                    # ʰo  (not met)
@yue:#u          u=s8                    # ʰu  (not met)
@yue:r           r=s9                    # ɹ  (not met)
@yue:a           a=s5                    # a  (not met)
@yue:e           e=s6                    # e  (not met)
@yue:i           i=s7                    # i  (not met)
@yue:;           -                       # ʲ  (not met)
@yue:o           o=s6                    # o  (not met)
@yue:u           u=s8                    # u  (not met)
@yue:m-          m                       # m̩  (not met)
@yue:n-          n                       # n̩  (not met)
@yue:N-          G                       # ŋ̩  (not met)
@yue:r-          l=s10                   # r̩  (not met)
@yue:l-          l                       # l̩  (not met)
@yue:t           t=s11                   # t  (not met)
@yue:p           p=s12                   # p  (not met)
@yue:k           k=s13                   # k  (not met)
@yue:n           n                       # n
@yue:R           l=s10                   # r  (not met)
@yue:R2          l=s10                   # r  (not met)
@yue:R3          l=s10                   # r  (not met)
@yue:r"          r=s14                   # ʀ  (not met)
@yue:l           l                       # l  (not met)
@yue:j           j                       # j  (not met)
@yue:w           w                       # w  (not met)
@yue:l^          l=s15                   # ʎ  (not met)
@yue:l.          l=s16                   # ɭ  (not met)
@yue:L           l=s17                   # ɫ  (not met)
@yue:h           <h=s18                  # h
@yue:m           m                       # m
@yue:n.          n=s19                   # ɳ  (not met)
@yue:n^          n=s20                   # ɲ  (not met)
@yue:N           G                       # ŋ  (not met)
@yue:**          l=s2                    # ɾ  (not met)
@yue:r.          l=s21                   # r.  (not met)
@yue:b           b=s22                   # b  (not met)
@yue:d           d=s22                   # d  (not met)
@yue:d[          d=s23                   # d̪  (not met)
@yue:t[          t=s24                   # t̪  (not met)
@yue:dZ          J                       # dʒ  (not met)
@yue:tS          C                       # tʃ  (not met)
@yue:dZ;         d=s25 Z=s26             # dʑ  (not met)
@yue:tS;         t=s27 S=s28             # tɕ  (not met)
@yue:J           d=s29                   # ɟ  (not met)
@yue:c           t=s30                   # c  (not met)
@yue:g           g=s22                   # ɡ  (not met)
@yue:B           v=s31                   # β  (not met)
@yue:f           f                       # f  (not met)
@yue:v           v                       # v  (not met)
@yue:v#          v=s32                   # ʋ  (not met)
@yue:D           v=s33                   # ð  (not met)
@yue:T           f=s34                   # θ  (not met)
@yue:z           z                       # z  (not met)
@yue:s           s                       # s  (not met)
@yue:Z           Z                       # ʒ  (not met)
@yue:S           S                       # ʃ  (not met)
@yue:z.          Z=s35                   # ʐ  (not met)
@yue:s.          S=s36                   # ʂ  (not met)
@yue:z;          Z=s37                   # ʑ  (not met)
@yue:s;          S=s36                   # ʂ  (not met)
@yue:Z;          Z=s37                   # ʑ  (not met)
@yue:S;          S=s38                   # ɕ  (not met)
@yue:J^          X=s39                   # ʝ  (not met)
@yue:C           X                       # ç  (not met)
@yue:Q           r=s40                   # ɣ  (not met)
@yue:x           x                       # x  (not met)
@yue:Q^          r=s40                   # ɣ^  (not met)
@yue:Q"          r                       # ʁ  (not met)
@yue:q           k=s41                   # q  (not met)
@yue:l#          l=s42                   # ɬ  (not met)
@yue:X           x=s3                    # χ  (not met)
@yue:aa          a                       # aa
@yue:aai         a=s43                   # aai  (not met)
@yue:aau         a=s44                   # aau  (not met)
@yue:ang         a=s5 n g=s22            # anɡ  (not met)
@yue:aang        a n g=s22               # aanɡ  (not met)
@yue:ai          a=s45                   # ai  (not met)
@yue:au          a=s46                   # au  (not met)
@yue:ei          e=s47                   # ei
@yue:eng         e=s6 n g=s22            # enɡ  (not met)
@yue:eu          e=s48                   # eu  (not met)
@yue:ing         i=s7 n g=s22            # inɡ  (not met)
@yue:iu          i=s49                   # iu  (not met)
@yue:ng          n g=s22                 # nɡ  (not met)
@yue:oeng        o=s6 e=s6 n g=s22       # oenɡ  (not met)
@yue:oi          o=s50                   # oi  (not met)
@yue:ou          o=s51                   # ou
@yue:ong         o=s6 n g=s22            # onɡ  (not met)
@yue:ung         u=s8 n g=s22            # unɡ  (not met)
@yue:ui          u=s52                   # ui  (not met)
@yue:oe          o=s53                   # oe  (not met)
@yue:eo          e=s54                   # eo  (not met)
@yue:eoi         e=s6 w=s55 j=s55        # eoi  (not met)
@yue:yu          y=s56                   # yu  (not met)

# by IPA: this language's sounds in words eSpeak NG reads in another
ː                -
ə                @=s1
ɾ                l=s2
ʰχ               x=s3
ʔ                <q=s4
-                -
ʰə               @=s1
ʰa               a=s5
ʰe               e=s6
ʰi               i=s7
ʰo               o=s6
ʰu               u=s8
ɹ                r=s9
a                a=s5
e                e=s6
i                i=s7
ʲ                -
o                o=s6
u                u=s8
m̩               m
n̩               n
ŋ̩               G
r̩               l=s10
l̩               l
r                l=s10
t                t=s11
p                p=s12
k                k=s13
n                n
ʀ                r=s14
l                l
j                j
w                w
ʎ                l=s15
ɭ                l=s16
ɫ                l=s17
h                <h=s18
m                m
ɳ                n=s19
ɲ                n=s20
ŋ                G
r.               l=s21
b                b=s22
d                d=s22
d̪               d=s23
t̪               t=s24
dʒ               J
tʃ               C
dʑ               d=s25 Z=s26
tɕ               t=s27 S=s28
ɟ                d=s29
c                t=s30
ɡ                g=s22
β                v=s31
f                f
v                v
ʋ                v=s32
ð                v=s33
θ                f=s34
z                z
s                s
ʒ                Z
ʃ                S
ʐ                Z=s35
ʂ                S=s36
ʑ                Z=s37
ɕ                S=s38
ʝ                X=s39
ç                X
ɣ                r=s40
x                x
ɣ^               r=s40
ʁ                r
q                k=s41
ɬ                l=s42
χ                x=s3
aa               a
aai              a=s43
aau              a=s44
anɡ              a=s5 n g=s22
aanɡ             a n g=s22
ai               a=s45
au               a=s46
ei               e=s47
enɡ              e=s6 n g=s22
eu               e=s48
inɡ              i=s7 n g=s22
iu               i=s49
nɡ               n g=s22
oenɡ             o=s6 e=s6 n g=s22
oi               o=s50
ou               o=s51
onɡ              o=s6 n g=s22
unɡ              u=s8 n g=s22
ui               u=s52
oe               o=s53
eo               e=s54
eoi              e=s6 w=s55 j=s55
yu               y=s56

# by IPA: English, for the English words a text has in it
tʰ               t=s57
dʰ               d=s58
zʰ               z
ɪ                I=s59
ʍ                w=s60
ʊ                U=s61
əl               @=s62 l
ɐ                OE=s63
ɑː               a=s64
ɛ                E=s65
ɒ                O=s66
ɔ                O=s67
ʌ                OE=s68
ɑ                a=s69
ɜː               OE=s70
iː               i=s71
ɔː               O=s72
uː               u=s71
aʊ               a=s73
əʊ               @=s74
oʊ               o=s75
aɪ               a=s76
eɪ               e=s77
ɔɪ               O=s78
eə               j=s55 @=s62
iə               j=s55 @=s62
ʊə               w=s55 @=s62
aɪə              a=s79 j=s55 j=s55
aʊə              a=s79 w=s55 j=s55
əɹ               @=s62 r=s9
ʌɹ               OE=s68 r=s9
oː               o
ɑ̃               a=s80
ɔ̃               O=s81
eː               e
æ                E=s82
ɚ                OE=s83
ᵻ                Y=s84
ɑːɹ              a=s64 r=s9
ɔːɹ              O=s72 r=s9
ɛɹ               E=s65 r=s9
ɪɹ               I=s59 r=s9
ʊɹ               U=s61 r=s9
aɪɚ              a=s79 j=s55 j=s55
aɪʊɹ             a=s79 I=s59 U=s61 r=s9

# by IPA: every letter of it, so that anything can be taken apart
ʈ                t=s85
ɖ                d=s85
g                g
ɢ                g=s86
ɱ                m=s87
ɴ                G=s88
ʙ                v
ⱱ                b
ɽ                l=s21
ɺ                l=s89
ɸ                f
ħ                <h=s90
ʕ                <h=s91
ɦ                <h=s92
ɧ                x=s93
ɮ                l=s94
ɻ                r=s95
ɰ                w=s96
ɥ                j=s97
ʟ                l=s98
ʘ                p=s99
ǀ                t=s99
ǃ                t=s99
ǂ                t=s100
ǁ                t=s99
ɓ                b=s101
ɗ                d=s101
ʄ                d=s102
ɠ                g=s101
ʛ                g=s103
y                y=s104
ɨ                Y=s84
ʉ                Y=s105
ɯ                Y=s106
ʏ                Y=s59
ø                oe=s107
ɘ                @=s108
ɵ                Y=s109
ɤ                OE=s110
œ                OE=s65
ɜ                OE=s111
ɞ                OE=s112
ɶ                a=s113
ɝ                OE=s114
ä                a=s79
