# OpenEVV sound map: Malay (eSpeak NG voice poz/ms), spoken by openevv's Italian module
# with the sounds, the melody and the tones of the language itself.
# Written by engine/accent/mapwriter.py; OpenEvvFrontend reads it, and docs/LANGUAGES.md
# says what each line means. Edit freely: the file is read each time a voice starts.

template itix
style standard
vowels i e E a o c u
glides r l L y w
schwa e
secondary 0

# the melody: edge; a question that wants yes or no: rise
accent f0=own range=90 shape=2 accent=14 accent2=6 unstressed=-2 decl=8 declmax=30 fs=-22 fw=-12 fc=14 fe=-12 fq=38 qreg=8 span=2 stop=0

# the words a question is asked with, which is not the question that wants yes or no
whwords any apa siapa mana bila bagaimana mengapa kenapa berapa

# what the module says in place of a phone it is given
says C t S
says D d z
says J d Z
says T t s

# the sounds of the language that the module has not, each as it differs from the phone
# that stands for it: formants and lengths in per cent, times in milliseconds
sound s1 f1=93 f2=78                     # ə
sound s2 f2=66 a2=68 a3=0 a4=52 af=-4    # ʰχ
sound s3 ms=50 hush=1                    # ʔ
sound s4 dur=114                         # ʰi
sound s5 f1=127 f3=68                    # ɹ
sound s6 f3=109                          # ʀ
sound s7 f3=86                           # ɭ
sound s8 f2=67 f3=111                    # ɫ
sound s9 ms=70 whisper=44                # h
sound s10 f2=91 f3=81                    # ɳ
sound s11 f3=87                          # r.
sound s12 voi=1 lead=75                  # b
sound s13 voi=1 lead=75 hold=85 f2=126 f3=122 # dʑ
sound s14 a3=34 a4=55 a5=22 f2=126 f3=122 hold=70 # dʑ
sound s15 hold=85 f2=126 f3=122          # tɕ
sound s16 a2=31 a3=34 a4=34 a5=22 f2=126 f3=122 hold=70 # tɕ
sound s17 f2=148 f3=109 a3=56 a4=56 voi=1 lead=75 # ɟ
sound s18 f2=148 f3=109 a3=56 a4=56 vot=32 # c
sound s19 af=-8                          # β
sound s20 af=-14                         # ʋ
sound s21 f2=135 f3=116 a6=28 ab=48      # ð
sound s22 f2=149 f3=116 a6=28 ab=48      # θ
sound s23 a4=51 f2=91 f3=88 f4=88        # ʐ
sound s24 a4=54 f2=91 f3=88 f4=88        # ʂ
sound s25 a3=34 a4=55 a5=22 f2=126 f3=122 # ʑ
sound s26 a2=31 a3=34 a4=34 a5=22 f2=126 f3=122 # ɕ
sound s27 f2=128 f3=128 a4=0             # ʝ
sound s28 f2=77 f3=107 a2=68 a3=0 a4=52 af=-4 # ɣ
sound s29 f2=66 a2=68 a3=0 a4=52 af=-5 voi=1 # ʁ
sound s30 f2=68 f3=109 f1=118 burst=3 vot=30 # q
sound s31 fric=52 a3=54 a4=58 a5=44 whisper=30 hold=190 # ɬ
sound s32 f1=92 f2=114                   # ʊ
sound s33 f1=110 f2=89 f3=81 dur=114     # y
sound s34 f1=91 f2=79 f3=84              # ø
sound s35 g1=57 g2=72 g3=97 glide=1 dur=131 # aʊ
sound s36 g1=95 g2=59 g3=91 glide=1 dur=148 # eʊ
sound s37 hold=55                        # iʊ
sound s38 g1=55 g2=127 g3=106 glide=1 dur=131 # aɪ
sound s39 g1=91 g2=100 g3=99 glide=1 dur=148 # eɪ
sound s40 g1=79 g2=104 g3=102 glide=1 dur=148 # ɛɪ
sound s41 g1=88 g2=203 g3=106 glide=1 dur=150 # oɪ
sound s42 f1=91                          # uɪ
sound s43 g1=73 g2=184 g3=108 glide=1 dur=150 # ɔɪ
sound s44 f1=93 f2=78 g1=81 g2=58 g3=94 glide=1 dur=148 # əʊ
sound s45 vot=70 asp=50                  # tʰ
sound s46 voi=1 lead=75 brth=90 f0=-15   # dʰ
sound s47 whisper=46                     # ʍ
sound s48 f1=82 f2=92                    # ɐ
sound s49 f1=125 f2=113 dur=150          # ɑː
sound s50 f1=116 f2=92                   # ɒ
sound s51 f1=106 f2=123                  # ʌ
sound s52 f1=125 f2=113                  # ɑ
sound s53 f2=78 dur=148                  # ɜː
sound s54 dur=168                        # iː
sound s55 dur=150                        # ɔː
sound s56 dur=171                        # uː
sound s57 g1=92 g2=111 g3=97 glide=1 dur=150 # oʊ
sound s58 f1=125 f2=113 nas=100          # ɑ̃
sound s59 nas=100                        # ɔ̃
sound s60 dur=148                        # eː
sound s61 f1=85 f2=116                   # æ
sound s62 f1=82 f2=139 f3=71             # ɚ
sound s63 f1=122 f2=77 f3=88 dur=114     # ᵻ
sound s64 f3=77 f4=88 a4=52 a5=42 vot=51 asp=50 # ʈ
sound s65 f3=77 f4=88 a4=52 a5=42        # ɖ
sound s66 f2=68 f3=109 f1=118 burst=3    # ɢ
sound s67 f2=108                         # ɱ
sound s68 f2=73 f3=112                   # ɴ
sound s69 f3=111                         # ɺ
sound s70 ms=85 whisper=48 f1=125 f2=88  # ħ
sound s71 ms=80 whisper=30 voi=1 f1=125 f2=86 # ʕ
sound s72 ms=70 whisper=38 voi=1         # ɦ
sound s73 f2=68 a2=68 a3=0 a4=52 af=-4   # ɧ
sound s74 fric=52 a3=54 a4=58 a5=44      # ɮ
sound s75 f1=136 f3=62                   # ɻ
sound s76 f1=68 f2=155 f3=108            # ɰ
sound s77 f1=70 f3=86                    # ɥ
sound s78 f2=82                          # ʟ
sound s79 vot=55 asp=50 burst=8 ej=25    # ʘ
sound s80 vot=59 asp=50 burst=8 ej=25    # ǀ
sound s81 f2=148 f3=109 a3=56 a4=56 vot=63 asp=50 burst=8 ej=25 # ǂ
sound s82 impl=1 voi=1 burst=-8          # ɓ
sound s83 f2=148 f3=109 a3=56 a4=56 impl=1 voi=1 burst=-8 # ʄ
sound s84 f2=68 f3=109 f1=118 burst=-8 impl=1 voi=1 # ʛ
sound s85 f1=122 f2=69 f3=81 dur=114     # ʉ
sound s86 f1=78 f2=69 f3=93              # ɯ
sound s87 f1=87 f2=84 f3=86              # ʏ
sound s88 f2=84                          # ɘ
sound s89 f1=80 f2=73 f3=91              # ɵ
sound s90 f1=79 f2=128                   # ɤ
sound s91 f2=81 f3=93                    # œ
sound s92 f2=78                          # ɜ
sound s93 f2=134                         # ɞ
sound s94 f1=86 f2=139 f3=71             # ɝ

# eSpeak NG phoneme table id
@id::            -                       # ː  (not met)
@id:@            E=s1                    # ə
@id:@-           E=s1                    # ə  (not met)
@id:*            r                       # ɾ
@id:#X1          S=s2                    # ʰχ  (not met)
@id:?            <q=s3                   # ʔ
@id:-            -                       # -  (not met)
@id:#@           E=s1                    # ʰə  (not met)
@id:#a           a                       # ʰa  (not met)
@id:#e           e                       # ʰe  (not met)
@id:#i           i=s4                    # ʰi  (not met)
@id:#o           o                       # ʰo  (not met)
@id:#u           u=s4                    # ʰu  (not met)
@id:r            l=s5                    # ɹ
@id:a            a                       # a
@id:e            e                       # e  (not met)
@id:i            i=s4                    # i
@id:;            -                       # ʲ  (not met)
@id:o            o                       # o  (not met)
@id:u            u=s4                    # u
@id:m-           m                       # m̩  (not met)
@id:n-           n                       # n̩  (not met)
@id:N-           G                       # ŋ̩  (not met)
@id:r-           R                       # r̩  (not met)
@id:l-           l                       # l̩  (not met)
@id:t            t                       # t
@id:p            p                       # p
@id:k            k                       # k
@id:n            n                       # n
@id:R            R                       # r
@id:R2           R                       # r  (not met)
@id:R3           R                       # r  (not met)
@id:r"           R=s6                    # ʀ  (not met)
@id:l            l                       # l
@id:j            y                       # j  (not met)
@id:w            w                       # w  (not met)
@id:l^           L                       # ʎ  (not met)
@id:l.           l=s7                    # ɭ  (not met)
@id:L            l=s8                    # ɫ  (not met)
@id:h            <h=s9                   # h
@id:m            m                       # m
@id:n.           n=s10                   # ɳ  (not met)
@id:n^           N                       # ɲ
@id:N            G                       # ŋ
@id:**           r                       # ɾ  (not met)
@id:r.           r=s11                   # r.  (not met)
@id:b            b=s12                   # b
@id:d            d=s12                   # d
@id:d[           d=s12                   # d̪  (not met)
@id:t[           t                       # t̪  (not met)
@id:dZ           J                       # dʒ  (not met)
@id:tS           C                       # tʃ  (not met)
@id:dZ;          d=s13 Z=s14             # dʑ  (not met)
@id:tS;          t=s15 S=s16             # tɕ  (not met)
@id:J            d=s17                   # ɟ  (not met)
@id:c            t=s18                   # c  (not met)
@id:g            g=s12                   # ɡ
@id:B            v=s19                   # β  (not met)
@id:f            f                       # f  (not met)
@id:v            v                       # v  (not met)
@id:v#           v=s20                   # ʋ  (not met)
@id:D            v=s21                   # ð  (not met)
@id:T            f=s22                   # θ  (not met)
@id:z            z                       # z  (not met)
@id:s            s                       # s
@id:Z            Z                       # ʒ  (not met)
@id:S            S                       # ʃ  (not met)
@id:z.           Z=s23                   # ʐ  (not met)
@id:s.           S=s24                   # ʂ  (not met)
@id:z;           Z=s25                   # ʑ  (not met)
@id:s;           S=s24                   # ʂ  (not met)
@id:Z;           Z=s25                   # ʑ  (not met)
@id:S;           S=s26                   # ɕ  (not met)
@id:J^           Z=s27                   # ʝ  (not met)
@id:C            S=s27                   # ç  (not met)
@id:Q            Z=s28                   # ɣ  (not met)
@id:x            S=s28                   # x  (not met)
@id:Q^           Z=s28                   # ɣ^  (not met)
@id:Q"           S=s29                   # ʁ  (not met)
@id:q            k=s30                   # q  (not met)
@id:l#           l=s31                   # ɬ  (not met)
@id:X            S=s2                    # χ  (not met)
@id:E            E                       # ɛ
@id:O            c                       # ɔ  (not met)
@id:U            o=s32                   # ʊ  (not met)
@id:y            i=s33                   # y  (not met)
@id:Y            e=s34                   # ø  (not met)
@id:aU           a=s35                   # aʊ
@id:eU           e=s36                   # eʊ  (not met)
@id:iU           y=s37 o=s32             # iʊ  (not met)
@id:aI           a=s38                   # aɪ
@id:eI           e=s39                   # eɪ  (not met)
@id:EI           E=s40                   # ɛɪ  (not met)
@id:oI           o=s41                   # oɪ  (not met)
@id:uI           w=s37 e=s42             # uɪ  (not met)
@id:w2           w                       # w  (not met)
@id:ts           T                       # ts  (not met)
@id:E2           E                       # ɛ  (not met)
@id:OI           c=s43                   # ɔɪ  (not met)
@id:@U           E=s44                   # əʊ  (not met)

# by IPA: this language's sounds in words eSpeak NG reads in another
ː                -
ə                E=s1
ɾ                r
ʰχ               S=s2
ʔ                <q=s3
-                -
ʰə               E=s1
ʰa               a
ʰe               e
ʰi               i=s4
ʰo               o
ʰu               u=s4
ɹ                l=s5
a                a
e                e
i                i=s4
ʲ                -
o                o
u                u=s4
m̩               m
n̩               n
ŋ̩               G
r̩               R
l̩               l
r                R
t                t
p                p
k                k
n                n
ʀ                R=s6
l                l
j                y
w                w
ʎ                L
ɭ                l=s7
ɫ                l=s8
h                <h=s9
m                m
ɳ                n=s10
ɲ                N
ŋ                G
r.               r=s11
b                b=s12
d                d=s12
d̪               d=s12
t̪               t
dʒ               J
tʃ               C
dʑ               d=s13 Z=s14
tɕ               t=s15 S=s16
ɟ                d=s17
c                t=s18
ɡ                g=s12
β                v=s19
f                f
v                v
ʋ                v=s20
ð                v=s21
θ                f=s22
z                z
s                s
ʒ                Z
ʃ                S
ʐ                Z=s23
ʂ                S=s24
ʑ                Z=s25
ɕ                S=s26
ʝ                Z=s27
ç                S=s27
ɣ                Z=s28
x                S=s28
ɣ^               Z=s28
ʁ                S=s29
q                k=s30
ɬ                l=s31
χ                S=s2
ɛ                E
ɔ                c
ʊ                o=s32
y                i=s33
ø                e=s34
aʊ               a=s35
eʊ               e=s36
iʊ               y=s37 o=s32
aɪ               a=s38
eɪ               e=s39
ɛɪ               E=s40
oɪ               o=s41
uɪ               w=s37 e=s42
ts               T
ɔɪ               c=s43
əʊ               E=s44

# by IPA: English, for the English words a text has in it
tʰ               t=s45
dʰ               d=s46
zʰ               z
ɪ                e=s42
ʍ                w=s47
əl               E=s1 l
ɐ                a=s48
ɑː               c=s49
ɒ                c=s50
ʌ                c=s51
ɑ                c=s52
ɜː               E=s53
iː               i=s54
ɔː               c=s55
uː               u=s56
oʊ               o=s57
eə               y=s37 E=s1
iə               y=s37 E=s1
ʊə               w=s37 E=s1
aɪə              a y=s37 y=s37
aʊə              a w=s37 y=s37
əɹ               E=s1 l=s5
ʌɹ               c=s51 l=s5
oː               o=s55
ɑ̃               c=s58
ɔ̃               c=s59
eː               e=s60
æ                a=s61
ɚ                c=s62
ᵻ                i=s63
ɑːɹ              c=s49 l=s5
ɔːɹ              c=s55 l=s5
ɛɹ               E l=s5
ɪɹ               e=s42 l=s5
ʊɹ               o=s32 l=s5
aɪɚ              a y=s37 y=s37
aɪʊɹ             a e=s42 o=s32 l=s5

# by IPA: every letter of it, so that anything can be taken apart
ʈ                t=s64
ɖ                d=s65
g                g
ɢ                g=s66
ɱ                m=s67
ɴ                G=s68
ʙ                r
ⱱ                r
ɽ                r=s11
ɺ                r=s69
ɸ                f
ħ                <h=s70
ʕ                <h=s71
ɦ                <h=s72
ɧ                S=s73
ɮ                l=s74
ɻ                l=s75
ɰ                w=s76
ɥ                y=s77
ʟ                l=s78
ʘ                p=s79
ǀ                t=s80
ǃ                t=s80
ǂ                t=s81
ǁ                t=s80
ɓ                b=s82
ɗ                d=s82
ʄ                d=s83
ɠ                g=s82
ʛ                g=s84
ɨ                i=s63
ʉ                i=s85
ɯ                e=s86
ʏ                e=s87
ɘ                e=s88
ɵ                E=s89
ɤ                c=s90
œ                E=s91
ɜ                E=s92
ɞ                c=s93
ɶ                a=s42
ɝ                c=s94
ä                a
