# OpenEVV phoneme map: Cherokee (eSpeak NG voice iro/chr), said with openevv's US English.
# Written by engine/espeak_phonemes.py; OpenEvvFrontend reads it.
#
# Each line is an eSpeak NG phoneme and the US English phones that say it.
# `@table:name' is a phoneme by its eSpeak NG name in that phoneme table,
# and a line that starts with IPA is used for any phoneme with that IPA,
# from any table -- a word eSpeak NG reads in another language, say.
# A phoneme with nothing after it is not said. Edit freely: the file is
# read each time a voice starts.

template enus
style standard
vowels i I E A a c U u H x R e o Y W O F I x E x U x i r E r U r a r c r o r Y x W x
glides r l y w
schwa x
secondary 2

# eSpeak NG phoneme table chr
@chr::           -               # ː
@chr:@           x               # ə
@chr:@-          x               # ə
@chr:*           F               # ɾ
@chr:#X1         h               # ʰχ
@chr:?           ?               # ʔ
@chr:-           -               # -
@chr:#@          x               # ʰə
@chr:#a          a               # ʰa
@chr:#e          e               # ʰe
@chr:#i          i               # ʰi
@chr:#o          o               # ʰo
@chr:#u          u               # ʰu
@chr:r           r               # ɹ
@chr:a           a               # a
@chr:e           e               # e
@chr:i           i               # i
@chr:;           -               # ʲ
@chr:o           o               # o
@chr:u           u               # u
@chr:m-          m               # m̩
@chr:n-          n               # n̩
@chr:N-          G               # ŋ̩
@chr:r-          r               # r̩
@chr:l-          l               # l̩
@chr:r           r               # r
@chr:t           t               # t
@chr:p           p               # p
@chr:k           k               # k
@chr:n           n               # n
@chr:R           r               # r
@chr:R2          r               # r
@chr:R3          r               # r
@chr:r"          r               # ʀ
@chr:l           l               # l
@chr:l           l               # l
@chr:j           y               # j
@chr:w           w               # w
@chr:l           l               # l
@chr:l           l               # l
@chr:l^          l y             # ʎ
@chr:l.          l               # ɭ
@chr:L           l               # ɫ
@chr:L           l               # ɫ
@chr:h           h               # h
@chr:m           m               # m
@chr:n.          n               # ɳ
@chr:n^          n y             # ɲ
@chr:N           G               # ŋ
@chr:**          F               # ɾ
@chr:r.          r               # r.
@chr:b           b               # b
@chr:d           d               # d
@chr:d[          d               # d̪
@chr:t[          t               # t̪
@chr:dZ          J               # dZ
@chr:tS          C               # tʃ
@chr:dZ;         J               # dʑ
@chr:tS;         C               # tɕ
@chr:J           J               # ɟ
@chr:c           C               # c
@chr:g           g               # ɡ
@chr:B           v               # β
@chr:f           f               # f
@chr:v           v               # v
@chr:v#          v               # ʋ
@chr:D           D               # ð
@chr:T           T               # θ
@chr:z           z               # z
@chr:s           s               # s
@chr:Z           Z               # ʒ
@chr:S           S               # ʃ
@chr:z.          Z               # ʐ
@chr:s.          S               # ʂ
@chr:z;          Z               # ʑ
@chr:s;          S               # ʂ
@chr:Z;          Z               # ʑ
@chr:S;          S               # ɕ
@chr:J^          y               # ʝ
@chr:C           C               # ç
@chr:Q           g               # ɣ
@chr:x           h               # x
@chr:Q^          g               # ɣ^
@chr:Q"          r               # ʁ
@chr:q           k               # q
@chr:l#          S l             # ɬ
@chr:X           h               # χ
@chr:a           a               # a
@chr:E           E               # ɛ
@chr:O           c               # ɔ
@chr:U           U               # ʊ
@chr:y           i               # y
@chr:Y           I               # ø
@chr:aU          W               # aʊ
@chr:eU          I w             # eʊ
@chr:iU          y U             # iʊ
@chr:aI          Y               # aɪ
@chr:eI          e               # eɪ
@chr:EI          E y             # ɛɪ
@chr:oI          O               # oɪ
@chr:uI          w I             # uɪ
@chr:w2          w               # w
@chr:ts          t s             # ts
@chr:0           a               # ɒ
@chr:0`          a               # ɒ`
@chr:0~          a               # ɒ̃
@chr:0~`         a               # ɒ̃`
@chr:e`          e               # e`
@chr:e~          e               # ẽ
@chr:e~`         e               # ẽ`
@chr:i`          i               # i`
@chr:i~          i               # ĩ
@chr:i~`         i               # ĩ`
@chr:o`          o               # o`
@chr:o~          o               # õ
@chr:o~`         o               # õ`
@chr:u`          u               # u`
@chr:u~          u               # ũ
@chr:u~`         u               # ũ`
@chr:V~          H               # ʌ̃
@chr:&~          x               # ɐ̃
@chr:V~`         H               # ʌ̃`
@chr:h`          h               # h

# by IPA, for phonemes from any other table
ə                x
a                a
b                b
v                v
ɡ                g
gʲ               g
gʷ               g
ʁ                r
ʁʲ               r
ʁʷ               r
d                d
dʷ               d
e                e
ʐ                Z
ʒ                Z
ʒʷ               Z
z                z
dz               d z
dʑʷ              J
i                i
k                k
kʲ               k
kʷ               k
kʰ               k
kʲʰ              k
kʷʰ              k
q                k
qʲ               k
qʷ               k
l                l
m                m
n                n
o                o
p_               p
p                p
r                r
s                s
t_               t
tʷ               t
t                t
tʷʰ              t
u                u
f                f
χ                h
χʲ               h
χʷ               h
ħ                h
ħʷ               h
tsʰ              t s
tɕʷʰ             C
ts               t s
tɕʷ              C
tʃʰ              C
tʃ               C
ʈʂʰ              C
ʈʂ               C
ʂ                S
ʃ                S
ʃʷ               S
ɥ                y
ɖʐ               J
ʤ                J
ː                -
ɾ                F
ʰχ               h
ʔ                ?
-                -
ʰə               x
ʰa               a
ʰe               e
ʰi               i
ʰo               o
ʰu               u
ɐ                x
ʲ                -
m̩               m
n̩               n
ŋ̩               G
r̩               r
l̩               l
ʀ                r
j                y
w                w
ʎ                l y
ɭ                l
ɫ                l
h                h
ɳ                n
ɲ                n y
ŋ                G
r.               r
d̪               d
t̪               t
dʒ               J
dʑ               J
tɕ               C
ɟ                J
c                C
β                v
ʋ                v
ð                D
θ                T
ʑ                Z
ɕ                S
ʝ                y
ç                C
ɣ                g
x                h
ɣ^               g
ɬ                S l
ɛ                E
ɔ                c
œ                E
æ                A
æː               A
əl               x l
ɑː               a
iə               y x
ʊə               U x
y                i
iu               i w
əʊ               o
aɪ               Y
ɑɪ               Y
ɛɪ               E y
ɔɪ               O
ʊɪ               U y
uɪ               w I
øy               I y
øə               y x
aʊ               W
eː               e
ɔː               c
ɜː               R
ɑ̃               a
ẽ               e
õ               o
ɨ                x
p`               p
t`               t
tʃ`              C
k`               k
tʰ               t
ʊ                U
ø                I
eʊ               I w
iʊ               y U
eɪ               e
oɪ               O
ɹ                r
ʰr               r
ʕ                h
dˤ               d
s̪               s
a.               a
i.               x
u.               u
ʌ                H
iː               i
ɪ                I
ɛː               E
aː               a
oː               o
uː               u
ĩ               i
ɪ̃               I
ɛ̃               E
ã               a
ʌ̃               H
ɔ̃               c
ʊ̃               U
ũ               u
pʰ               p
bʰ               b
dʰ               d
ʈ                t
ɖ                d
ʈʰ               t
ɖʰ               d
cʰ               C
ɟʰ               J
ɡʰ               g
̃                -
ɯ                x
ɢ                g
ɑ                a
ɒ                a
zʲ               z
sʲ               s
t͡s              t s
d͡z              d z
t͡sʲ             t s
d͡zʲ             d z
ʈ͡ʂ              C
ɖ͡ʐ              J
tʲ               t
dʲ               d
                -
ɡʲ               g
ɱ                m
dZ               J
ɒ`               a
ɒ̃               a
ɒ̃`              a
e`               e
ẽ`              e
i`               i
ĩ`              i
o`               o
õ`              o
u`               u
ũ`              u
ɐ̃               x
ʌ̃`              H
ŋ-               G
s.               S
ph               p
th               t
kh               k
tɕh              C h
tsh              t s h
ts.              C
ts.h             C h
ai               Y
ɑu               a w
ər               x r
ei               e
i̪               i
iɑ               y a
iɑu              y a w
iɛ               y E
io               y U
iou              y U w
o-               o
ou               o
onɡ              U n g
uɑ               w a
ua               w a
uai              w a y
uə               w x
uei              w I y
uo               w U
yu               i w
yæ               y A
yɛ               y E
yə               y x
yi               i y
p-               p
t-               t
k-               k
g                g
oʊ               o
r̩ː              r
r̝               r
r̝̊              r
l̩ː              l
ɵ                U
ɨː               x
ɑɨ               a y
aɨ               a y
əɪ               x y
əɨ               x y
ɪu               I w
ɨu               x w
ɔɨ               c y
uɨ               u y
ɐ̯               x
ʔʌ               ? H
ʔi               ? i
ɜ                R
ʔe               ? I
ε                E
?a               a
?ɑ               a
ʔu               ? u
ʔo               ? U
ʔy               ? i
ʔœ               ? E
ɪː               I
ʊɐ               w A
ɔø               c y
yː               i
ʏ                I
øː               I
pf               p f
iɐ               y A
œ̃               E
zʰ               z
ʍ                h
eə               E x
aɪə              Y x
aʊə              W x
əɹ               x r
ʌɹ               H r
æʊ               A w
ʉ                u
a:               a
ʉː               u
ʌʉ               H w
ʉɹ               u r
ɚ                R
ᵻ                x
ɑːɹ              a r
ɔːɹ              c r
ɛɹ               E r
ɪɹ               i r
ʊɹ               U r
aɪɚ              a y R
aɪʊɹ             a y w r
aa               a
ɑə               a x
ɔə               c x
oə               w x
əu               x w
ʌʊ               H w
ɵː               U
æi               A y
øi               I y
s^               s
t^               t
d^               d
s̻               s
s̺               s
ts̺              t s
ts̻              t s
oi               O
ui               u y
au               W
eu               I w
æy               A y
ey               I y
iy               i y
ie               y I
yø               y I
l#               l
2                I
2ː               I
4                x
4ː               x
5                l
5ː               l
9                E
9ː               E
œː               E
aɪː              Y
eɪː              e
aʊː              W
oʊː              o
øyː              I y
yɪ               y I
m#               m
n#               n
ɲ#               n y
ŋ#               G
tl#              t l
r#               r
ə-               x
ʰl               l
ʰcFʀ             C r
a-               a
e-               e
ɛ-               E
y-               i
i̯               i
ŭ               u
A                a
ɤ                x
ia               y a
ɯɪ               w I
ɔʊ               c w
n̪               n
ɾʲ               F
ʰ                -
hʰ               h
ɨ̃               x
ɛʊ               E w
aɪ̃              Y
aʊ̃              W
n^               n
iau              y a w
ue               w I
ss               s s
k̃               k
tʃ̃              C
dʒ̃              J
ɡ̃               g
ɣ̃               g
ʃ̃               S
ä                a
e̞               e
o̞               o
ɯᵝ               x
ĩ                i
ũ                u
ɴ                G
ɸ                f
ɽ                r
s-               s
q-               k
tɕ-              C
d-               d
wʰ               w
t[               t
l-               l
N                G
d[               d
tS               C
S                S
X                h
oe               U y
ɑ:               a
e:               e
i:               i
o:               o
u:               u
ɯ:               x
y:               i
oe:              U y
ɑ̃ː              a
ɛ̃ː              E
õː               o
æːɪ              A y
ɑʊ               a w
æːʊ              A w
ɜɪ               x y
ʦ                t s
ee               e
eɑ               y a
nʲ               n
t͡ʃ              C
a`               a
z-               z
u"               u
u"ː              u
k^               k
O                c
8                U
U                U
O:               c
8:               U
U:               U
Oi               O
Ui               U y
ɘ                x
nɡ               n g
hs               h s
ht               h t
ky               k i
ʌɪ               H y
œy               E y
yʊ               y U
ʉɪ               w I
K                S l
?                ?
Φ                f
iːɐ̯             y A
æːɐ̯             A A
ɑːɐ̯             a A
ɔːɐ̯             c A
oːɐ̯             w A
uːɐ̯             w A
eːɐ̯             y A
eɐ̯              y A
ɛɐ̯              E A
r̥               r
l̥               l
d͡ʒ              J
lʰ               l
ɐ̃ʊ̃             A w
õɪ̃             O
ũɪ̃             w I
sʰ               s
ʀʰ               r
rʰ               r
q`               k
ʒʲ               Z
ʃʲ               S
lʲ               l
mʲ               m
iɪ               y I
ea               y a
eo               I w
e̪u              I w
ɔa               c a
pʲ               p
tsʲ              t s
fʲ               f
bʲ               b
vʲ               v
dʒʲ              J
tʃʲ              C
ɪ^               I
ja               y a
ɛ%               E
ju               y u
gˈ               g
kˈ               k
e̯a              y a
o̯a              w a
ou̯              o
ij               i y
p_h              p h
t_h              t h
k_h              k h
ɛu               E w
aːu              W
ɯi               x y
əi               x y
aːi              Y
ɔi               O
aɯ               a w
ᵐ                -
ⁿ                -
ᵑ                -
aɛ               a E
e+               e
o+               o
ll               l l
xʰ               h
ɧ                S
ɻ                r
ʊː               U
ɔ+               c
əː               x
aːɪ              Y
əːɪ              x y
aːʊ              W
əːʊ              o
oæ               w A
ɔ-               c
u-               u
cr               C r
ɗ                d
aai              Y
aau              W
anɡ              a n g
aanɡ             a n g
enɡ              I n g
inɡ              i n g
oenɡ             U y n g
unɡ              u n g
eoi              I w y
ʙ                v
ⱱ                b
ɺ                r
ɦ                h
ɮ                z
ɰ                w
ʟ                w
ʘ                p
ǀ                t
ǃ                t
ǂ                k
ǁ                t
ɓ                b
ʄ                g
ɠ                g
ʛ                g
ɞ                c
ɶ                A
ɝ                R
